  NVDA: 1255 bars
  PLTR: 1255 bars
  TSLA: 1255 bars
  SOFI: 1255 bars
  SMCI: 1255 bars
  AMD: 1255 bars
  AAPL: 1255 bars
  MSFT: 1255 bars
  META: 1255 bars
  COIN: 1255 bars
  MSTR: 1255 bars
  AVGO: 1255 bars
  BTC-USD: 1827 bars
  ETH-USD: 1827 bars
  SOL-USD: 1827 bars
  GOOGL: 1255 bars
  AMZN: 1255 bars
  NFLX: 1255 bars
  CRM: 1255 bars
  MU: 1255 bars
  INTC: 1255 bars
  LRCX: 1255 bars
  AMAT: 1255 bars
  QCOM: 1255 bars
  ARM: 753 bars
  HOOD: 1255 bars
  APP: 1255 bars
  NET: 1255 bars
  SNOW: 1255 bars
  DDOG: 1255 bars
  CRWD: 1255 bars
  SHOP: 1255 bars
  RKLB: 1255 bars
  ASTS: 1255 bars
  LUNR: 1210 bars
  PYPL: 1255 bars
  NU: 1195 bars
  MELI: 1255 bars
  SPY: 1255 bars
  IWM: 1255 bars
  SMH: 1255 bars
  ARKK: 1255 bars
  XLF: 1255 bars
  DOGE-USD: 1827 bars
  AVAX-USD: 1827 bars
  LINK-USD: 1827 bars
  XRP-USD: 1827 bars
  NIO: 1255 bars
  MRNA: 1255 bars
  PFE: 1255 bars
  F: 1255 bars
done
