[1/25] SOFI <- SOFI.US/USD ...
    FAILED: TypeError: 'NoneType' object is not subscriptable
[2/25] SMCI <- SMCI.US/USD ...
    FAILED: TypeError: 'NoneType' object is not subscriptable
[3/25] COIN <- COIN.US/USD ...
    FAILED: TypeError: 'NoneType' object is not subscriptable
[4/25] MSTR <- MSTR.US/USD ...
    FAILED: TypeError: 'NoneType' object is not subscriptable
[5/25] MU <- MU.US/USD ...
    ok (688 4h bars, 2021-09-01 -> 2023-01-13)
[6/25] INTC <- INTC.US/USD ...
    ok (688 4h bars, 2021-09-01 -> 2023-01-13)
[7/25] LRCX <- LRCX.US/USD ...
    ok (688 4h bars, 2021-09-01 -> 2023-01-13)
[8/25] AMAT <- AMAT.US/USD ...
    ok (688 4h bars, 2021-09-01 -> 2023-01-13)
[9/25] QCOM <- QCOM.US/USD ...
    ok (688 4h bars, 2021-09-01 -> 2023-01-13)
[10/25] PYPL <- PYPL.US/USD ...
    ok (688 4h bars, 2021-09-01 -> 2023-01-13)
[11/25] SHOP <- SHOP.US/USD ...
    FAILED: TypeError: 'NoneType' object is not subscriptable
[12/25] NIO <- NIO.US/USD ...
    ok (688 4h bars, 2021-09-01 -> 2023-01-13)
[13/25] MRNA <- MRNA.US/USD ...
    ok (686 4h bars, 2021-09-01 -> 2023-01-13)
[14/25] PFE <- PFE.US/USD ...
    ok (688 4h bars, 2021-09-01 -> 2023-01-13)
[15/25] F <- F.US/USD ...
    ok (689 4h bars, 2021-09-01 -> 2023-01-13)
[16/25] NET <- NET.US/USD ...
    FAILED: TypeError: 'NoneType' object is not subscriptable
[17/25] SNOW <- SNOW.US/USD ...
    ok (688 4h bars, 2021-09-01 -> 2023-01-13)
[18/25] DDOG <- DDOG.US/USD ...
    FAILED: TypeError: 'NoneType' object is not subscriptable
[19/25] CRWD <- CRWD.US/USD ...
    FAILED: TypeError: 'NoneType' object is not subscriptable
[20/25] MELI <- MELI.US/USD ...
    FAILED: TypeError: 'NoneType' object is not subscriptable
[21/25] NU <- NU.US/USD ...
    FAILED: TypeError: 'NoneType' object is not subscriptable
[22/25] HOOD <- HOOD.US/USD ...
    FAILED: TypeError: 'NoneType' object is not subscriptable
[23/25] APP <- APP.US/USD ...
    FAILED: TypeError: 'NoneType' object is not subscriptable
[24/25] BTC-USD <- BTC/USD ...
    ok (2998 4h bars, 2021-09-01 -> 2023-01-15)
[25/25] ETH-USD <- ETH/USD ...
    ok (2998 4h bars, 2021-09-01 -> 2023-01-15)
DONE. ok=13 failed=12
ok: ['MU', 'INTC', 'LRCX', 'AMAT', 'QCOM', 'PYPL', 'NIO', 'MRNA', 'PFE', 'F', 'SNOW', 'BTC-USD', 'ETH-USD']
failed: ['SOFI', 'SMCI', 'COIN', 'MSTR', 'SHOP', 'NET', 'DDOG', 'CRWD', 'MELI', 'NU', 'HOOD', 'APP']
