loading 4H cache...
  51 symbols
generating candidates...
  263 candidate trades
loading benchmarks...
  features done
fidelity check (takeall == pb control): PASS
  pb:   eq=13530.49 dd=0.3517 skip=79
  mine: eq=13530.49 dd=0.3517 skip=79
control: n=263 exp=0.195R (expect 263 / +0.195R)
contested timestamps: 82
  candidates-per-contested-bar histogram: {1: 49, 2: 24, 3: 9}
== rs_top1 ==
  [4bps] n=153 fill=58.2% win=45.8% exp=0.32R PF=1.47 ret=51.33% dd=32.55% tp1=49.0% hold=19.4
  [25bps] n=152 fill=57.8% win=45.4% exp=0.255R PF=1.36 ret=36.57% dd=33.48% tp1=49.3% hold=19.5
== rs_top2 ==
  [4bps] n=154 fill=58.6% win=46.1% exp=0.324R PF=1.48 ret=52.78% dd=32.65% tp1=49.4% hold=19.4
  [25bps] n=153 fill=58.2% win=45.8% exp=0.26R PF=1.36 ret=37.84% dd=33.59% tp1=49.7% hold=19.5
== rs_top3 ==
  [4bps] n=154 fill=58.6% win=46.1% exp=0.324R PF=1.48 ret=52.78% dd=32.65% tp1=49.4% hold=19.4
  [25bps] n=153 fill=58.2% win=45.8% exp=0.26R PF=1.36 ret=37.84% dd=33.59% tp1=49.7% hold=19.5
== vol_top1 ==
  [4bps] n=155 fill=58.9% win=45.2% exp=0.228R PF=1.32 ret=31.5% dd=32.94% tp1=48.4% hold=18.9
  [25bps] n=155 fill=58.9% win=44.5% exp=0.154R PF=1.2 ret=17.01% dd=38.38% tp1=48.4% hold=18.9
== vol_top2 ==
  [4bps] n=157 fill=59.7% win=45.2% exp=0.22R PF=1.31 ret=30.47% dd=33.82% tp1=48.4% hold=18.8
  [25bps] n=156 fill=59.3% win=44.9% exp=0.155R PF=1.21 ret=17.43% dd=38.48% tp1=48.7% hold=18.9
== vol_top3 ==
  [4bps] n=157 fill=59.7% win=45.2% exp=0.22R PF=1.31 ret=30.47% dd=33.82% tp1=48.4% hold=18.8
  [25bps] n=156 fill=59.3% win=44.9% exp=0.155R PF=1.21 ret=17.43% dd=38.48% tp1=48.7% hold=18.9
== composite_top1 ==
  [4bps] n=156 fill=59.3% win=44.9% exp=0.212R PF=1.29 ret=28.56% dd=34.66% tp1=48.1% hold=18.8
  [25bps] n=155 fill=58.9% win=44.5% exp=0.146R PF=1.19 ret=15.6% dd=39.41% tp1=48.4% hold=18.9
== composite_top2 ==
  [4bps] n=157 fill=59.7% win=45.2% exp=0.216R PF=1.3 ret=29.55% dd=34.88% tp1=48.4% hold=18.8
  [25bps] n=156 fill=59.3% win=44.9% exp=0.151R PF=1.2 ret=16.67% dd=39.51% tp1=48.7% hold=19.0
== composite_top3 ==
  [4bps] n=157 fill=59.7% win=45.2% exp=0.216R PF=1.3 ret=29.55% dd=34.88% tp1=48.4% hold=18.8
  [25bps] n=156 fill=59.3% win=44.9% exp=0.151R PF=1.2 ret=16.67% dd=39.51% tp1=48.7% hold=19.0
DONE
EXIT:0
