  NVDA: 21 trades
  PLTR: 11 trades
  TSLA: 10 trades
  SOFI: 12 trades
  SMCI: 11 trades
  AMD: 15 trades
  AAPL: 10 trades
  MSFT: 10 trades
  META: 7 trades
  COIN: 10 trades
  MSTR: 6 trades
  AVGO: 11 trades
  BTC-USD: 46 trades
  ETH-USD: 49 trades
  SOL-USD: 43 trades
  GOOGL: 13 trades
  AMZN: 11 trades
  NFLX: 11 trades
  CRM: 6 trades
  MU: 18 trades
  INTC: 11 trades
  LRCX: 17 trades
  AMAT: 20 trades
  QCOM: 11 trades
  ARM: 13 trades
  HOOD: 13 trades
  APP: 11 trades
  NET: 15 trades
  SNOW: 8 trades
  DDOG: 10 trades
  CRWD: 14 trades
  SHOP: 14 trades
  RKLB: 16 trades
  ASTS: 14 trades
  LUNR: 17 trades
  PYPL: 8 trades
  NU: 17 trades
  MELI: 12 trades
  SPY: 15 trades
  IWM: 15 trades
  SMH: 14 trades
  ARKK: 17 trades
  XLF: 14 trades
  DOGE-USD: 42 trades
  AVAX-USD: 41 trades
  LINK-USD: 49 trades
  XRP-USD: 44 trades
  NIO: 11 trades
  MRNA: 12 trades
  PFE: 14 trades
  F: 17 trades
Hybrid (canonical, corrected score) [4bps]: n=877 win=44.9% exp=0.141R PF=1.21 ret=36.32% dd=42.3%
Hybrid (canonical, corrected score) [25bps]: n=877 win=44.4% exp=0.069R PF=1.1 ret=11.78% dd=44.95%
  NVDA: 24 trades
  PLTR: 17 trades
  TSLA: 16 trades
  SOFI: 18 trades
  SMCI: 14 trades
  AMD: 17 trades
  AAPL: 14 trades
  MSFT: 12 trades
  META: 9 trades
  COIN: 16 trades
  MSTR: 11 trades
  AVGO: 15 trades
  BTC-USD: 69 trades
  ETH-USD: 67 trades
  SOL-USD: 61 trades
  GOOGL: 13 trades
  AMZN: 14 trades
  NFLX: 14 trades
  CRM: 7 trades
  MU: 21 trades
  INTC: 13 trades
  LRCX: 19 trades
  AMAT: 20 trades
  QCOM: 16 trades
  ARM: 14 trades
  HOOD: 14 trades
  APP: 12 trades
  NET: 17 trades
  SNOW: 9 trades
  DDOG: 12 trades
  CRWD: 17 trades
  SHOP: 17 trades
  RKLB: 19 trades
  ASTS: 15 trades
  LUNR: 20 trades
  PYPL: 10 trades
  NU: 20 trades
  MELI: 17 trades
  SPY: 17 trades
  IWM: 18 trades
  SMH: 16 trades
  ARKK: 21 trades
  XLF: 16 trades
  DOGE-USD: 59 trades
  AVAX-USD: 66 trades
  LINK-USD: 65 trades
  XRP-USD: 62 trades
  NIO: 16 trades
  MRNA: 16 trades
  PFE: 20 trades
  F: 23 trades
Live Aggr+PB+SW (corrected score) [4bps]: n=1145 win=42.6% exp=0.108R PF=1.17 ret=-3.75% dd=50.6%
Live Aggr+PB+SW (corrected score) [25bps]: n=1145 win=42.2% exp=0.035R PF=1.05 ret=-31.38% dd=58.41%
wrote pine_sensitivity/corrected_results_v2.json
EXIT=0
